// Jest Snapshot v1, https://goo.gl/fbAQLP

exports[`LoginScreen Snapshot 1`] = `
<RCTScrollView
  contentContainerStyle={
    {
      "flexGrow": 1,
    }
  }
>
  <View>
    <View
      style={
        {
          "backgroundColor": "#ffffff",
          "flex": 1,
        }
      }
    >
      <View
        style={
          {
            "flex": 0.8,
            "padding": 10,
          }
        }
      >
        <View>
          <View
            accessibilityIgnoresInvertColors={true}
            style={
              {
                "alignSelf": "center",
                "borderBottomLeftRadius": 10,
                "height": 625,
                "top": -10,
                "width": 750,
              }
            }
          >
            <Image
              resizeMode="stretch"
              source={
                {
                  "uri": "https://th.bing.com/th/id/OIP.OHv_QRoJDtQwoqYTrkKEmwHaE6?w=277&h=184&c=7&r=0&o=5&dpr=1.5&pid=1.7",
                }
              }
              style={
                [
                  {
                    "bottom": 0,
                    "left": 0,
                    "position": "absolute",
                    "right": 0,
                    "top": 0,
                  },
                  {
                    "height": 625,
                    "width": 750,
                  },
                  undefined,
                ]
              }
            />
            <View>
              <Text
                style={
                  [
                    {
                      "alignSelf": "center",
                      "fontFamily": "Nunito-Bold",
                      "fontSize": 54,
                      "fontWeight": "900",
                      "marginTop": 0,
                    },
                    {
                      "color": "#FFFFFF",
                      "fontSize": 38,
                      "top": 40,
                    },
                  ]
                }
              >
                SmartBite
              </Text>
            </View>
          </View>
          <Text
            style={
              {
                "alignSelf": "center",
                "fontFamily": "Nunito-Bold",
                "fontSize": 26,
                "fontWeight": "900",
                "textAlign": "center",
                "top": 10,
                "width": "80%",
              }
            }
          >
            India's #1 Food Delivery and Dining App
          </Text>
        </View>
        <View
          style={
            {
              "justifyContent": "space-around",
            }
          }
        >
          <View>
            <Text
              style={
                [
                  {
                    "alignSelf": "center",
                    "fontFamily": "Nunito-Bold",
                    "fontSize": 54,
                    "fontWeight": "900",
                    "marginTop": 0,
                  },
                  {
                    "color": "#111111",
                    "fontSize": 32,
                    "marginVertical": 10,
                  },
                ]
              }
            >
              Login
            </Text>
          </View>
          <View
            style={
              [
                {
                  "alignSelf": "center",
                  "backgroundColor": "#F4F4F4",
                  "borderRadius": 5,
                  "marginVertical": 10,
                  "padding": 5,
                  "width": "90%",
                },
                undefined,
              ]
            }
          >
            <TextInput
              keyboardType="default"
              onBlur={[Function]}
              onChangeText={[Function]}
              placeholder="Email address"
              placeholderTextColor="#000000"
              style={
                {
                  "color": "#000000",
                  "fontFamily": "Nunito-Bold",
                  "fontSize": 14,
                  "fontWeight": "900",
                  "padding": 15,
                }
              }
              value=""
            />
          </View>
          <View
            style={
              [
                {
                  "alignSelf": "center",
                  "backgroundColor": "#F4F4F4",
                  "borderRadius": 5,
                  "marginVertical": 10,
                  "padding": 5,
                  "width": "90%",
                },
                undefined,
              ]
            }
          >
            <TextInput
              keyboardType="default"
              onBlur={[Function]}
              onChangeText={[Function]}
              placeholder="Password"
              placeholderTextColor="#000000"
              secureTextEntry={true}
              style={
                {
                  "color": "#000000",
                  "fontFamily": "Nunito-Bold",
                  "fontSize": 14,
                  "fontWeight": "900",
                  "padding": 15,
                }
              }
              value=""
            />
          </View>
        </View>
      </View>
      <View
        style={
          {
            "flex": 0.2,
            "justifyContent": "space-between",
          }
        }
      >
        <View>
          <View
            accessibilityState={
              {
                "busy": undefined,
                "checked": undefined,
                "disabled": undefined,
                "expanded": undefined,
                "selected": undefined,
              }
            }
            accessibilityValue={
              {
                "max": undefined,
                "min": undefined,
                "now": undefined,
                "text": undefined,
              }
            }
            accessible={true}
            collapsable={false}
            focusable={true}
            onClick={[Function]}
            onResponderGrant={[Function]}
            onResponderMove={[Function]}
            onResponderRelease={[Function]}
            onResponderTerminate={[Function]}
            onResponderTerminationRequest={[Function]}
            onStartShouldSetResponder={[Function]}
            style={
              {
                "alignItems": "center",
                "alignSelf": "center",
                "backgroundColor": "#DE4B4C",
                "borderRadius": 10,
                "opacity": 1,
                "padding": 10,
                "width": "80%",
              }
            }
          >
            <Text
              style={
                {
                  "alignSelf": "center",
                  "color": "#FFFFFF",
                  "fontFamily": "Nunito-Bold",
                  "fontSize": 24,
                  "fontWeight": "900",
                  "lineHeight": 45,
                }
              }
            >
              Login
            </Text>
          </View>
        </View>
      </View>
    </View>
  </View>
</RCTScrollView>
`;
